../Core/Src/IRSM.cpp:72:15:virtual void State::OnEnter()	0	static
../Core/Src/IRSM.cpp:73:15:virtual void State::Tick()	0	static
../Core/Src/IRSM.cpp:74:15:virtual void State::OnExit()	0	static
C:\ST\STM32CubeIDE_2.1.0\STM32CubeIDE\plugins\com.st.stm32cube.ide.mcu.externaltools.gnu-tools-for-stm32.14.3.rel1.win32_1.0.100.202602081740\tools\arm-none-eabi\include\c++\14.3.1\bits\std_function.h:267:7:), _Functor>::_M_manager(std::_Any_data&, const std::_Any_data&, std::_Manager_operation) [with _Res = void; _Functor = void (*)(bool, std::__cxx11::basic_string<char>); _ArgTypes = {bool, std::__cxx11::basic_string<char, std::char_traits<char>, std::allocator<char> >}]	0	static
C:\ST\STM32CubeIDE_2.1.0\STM32CubeIDE\plugins\com.st.stm32cube.ide.mcu.externaltools.gnu-tools-for-stm32.14.3.rel1.win32_1.0.100.202602081740\tools\arm-none-eabi\include\c++\14.3.1\bits\basic_string.h:552:7:std::__cxx11::basic_string<_CharT, _Traits, _Alloc>::basic_string(const std::__cxx11::basic_string<_CharT, _Traits, _Alloc>&) [with _CharT = char; _Traits = std::char_traits<char>; _Alloc = std::allocator<char>]	24	static
C:\ST\STM32CubeIDE_2.1.0\STM32CubeIDE\plugins\com.st.stm32cube.ide.mcu.externaltools.gnu-tools-for-stm32.14.3.rel1.win32_1.0.100.202602081740\tools\arm-none-eabi\include\c++\14.3.1\bits\basic_string.h:646:7:std::__cxx11::basic_string<_CharT, _Traits, _Alloc>::basic_string(const _CharT*, const _Alloc&) [with _CharT = char; _Traits = std::char_traits<char>; _Alloc = std::allocator<char>]	32	static
C:\ST\STM32CubeIDE_2.1.0\STM32CubeIDE\plugins\com.st.stm32cube.ide.mcu.externaltools.gnu-tools-for-stm32.14.3.rel1.win32_1.0.100.202602081740\tools\arm-none-eabi\include\c++\14.3.1\bits\basic_string.h:1466:7:std::__cxx11::basic_string<_CharT, _Traits, _Alloc>& std::__cxx11::basic_string<_CharT, _Traits, _Alloc>::append(const _CharT*, size_type) [with _CharT = char; _Traits = std::char_traits<char>; _Alloc = std::allocator<char>]	8	static
C:\ST\STM32CubeIDE_2.1.0\STM32CubeIDE\plugins\com.st.stm32cube.ide.mcu.externaltools.gnu-tools-for-stm32.14.3.rel1.win32_1.0.100.202602081740\tools\arm-none-eabi\include\c++\14.3.1\bits\basic_string.h:682:7:std::__cxx11::basic_string<_CharT, _Traits, _Alloc>::basic_string(std::__cxx11::basic_string<_CharT, _Traits, _Alloc>&&) [with _CharT = char; _Traits = std::char_traits<char>; _Alloc = std::allocator<char>]	24	static
C:\ST\STM32CubeIDE_2.1.0\STM32CubeIDE\plugins\com.st.stm32cube.ide.mcu.externaltools.gnu-tools-for-stm32.14.3.rel1.win32_1.0.100.202602081740\tools\arm-none-eabi\include\c++\14.3.1\bits\std_function.h:288:7:) [with _Res = void; _Functor = void (*)(bool, std::__cxx11::basic_string<char>); _ArgTypes = {bool, std::__cxx11::basic_string<char, std::char_traits<char>, std::allocator<char> >}]	40	static
../Core/Src/LCDDevice.cpp:51:7:void LCDDevice::SetLine(uint8_t)	8	static
../Core/Src/LCDDevice.cpp:19:7:void LCDDevice::Send(uint8_t, uint8_t)	32	static
../Core/Src/LCDDevice.cpp:70:7:void LCDDevice::Write(std::string)	16	static
../Core/Src/main.cpp:211:6:void SystemClock_Config()	88	static,ignoring_inline_asm
../Core/Src/main.cpp:261:6:void Error_Handler()	0	static,ignoring_inline_asm
C:\ST\STM32CubeIDE_2.1.0\STM32CubeIDE\plugins\com.st.stm32cube.ide.mcu.externaltools.gnu-tools-for-stm32.14.3.rel1.win32_1.0.100.202602081740\tools\arm-none-eabi\include\c++\14.3.1\bits\basic_string.h:3755:5:bool std::operator==(const __cxx11::basic_string<_CharT, _Traits, _Alloc>&, const __cxx11::basic_string<_CharT, _Traits, _Alloc>&) [with _CharT = char; _Traits = char_traits<char>; _Alloc = allocator<char>]	8	static
../Core/Src/IRSM.cpp:86:13:bool CheckState(std::__cxx11::list<State*>&, std::string)	16	static
../Core/Src/IRSM.cpp:79:15:State* FindState(std::__cxx11::list<State*>&, std::string)	24	static
C:\ST\STM32CubeIDE_2.1.0\STM32CubeIDE\plugins\com.st.stm32cube.ide.mcu.externaltools.gnu-tools-for-stm32.14.3.rel1.win32_1.0.100.202602081740\tools\arm-none-eabi\include\c++\14.3.1\bits\basic_string.h:3616:5:std::__cxx11::basic_string<_CharT, _Traits, _Alloc> std::operator+(const _CharT*, const __cxx11::basic_string<_CharT, _Traits, _Alloc>&) [with _CharT = char; _Traits = char_traits<char>; _Alloc = allocator<char>]	24	static
../Core/Src/main.cpp:72:6:void Log(bool, std::string)	48	static
C:\ST\STM32CubeIDE_2.1.0\STM32CubeIDE\plugins\com.st.stm32cube.ide.mcu.externaltools.gnu-tools-for-stm32.14.3.rel1.win32_1.0.100.202602081740\tools\arm-none-eabi\include\c++\14.3.1\bits\std_function.h:587:7:) const [with _Res = void; _ArgTypes = {bool, std::__cxx11::basic_string<char, std::char_traits<char>, std::allocator<char> >}]	16	static
../Core/Src/main.cpp:101:7:virtual void State1::OnExit()	32	static
../Core/Src/main.cpp:91:7:virtual void State1::Tick()	40	static
../Core/Src/main.cpp:88:7:virtual void State1::OnEnter()	32	static
../Core/Src/main.cpp:124:7:virtual void State2::OnExit()	32	static
../Core/Src/main.cpp:113:7:virtual void State2::Tick()	40	static
../Core/Src/main.cpp:110:7:virtual void State2::OnEnter()	32	static
../Core/Src/IRSM.cpp:112:7:void StateMachine::Tick()	72	static
../Core/Src/IRSM.cpp:104:7:void StateMachine::AddState(State*)	40	static
../Core/Src/main.cpp:134:5:int main()	200	static
../Core/Src/main.cpp:270:1:cpp)	0	static
